2025-01-07 19:54:36 [main] INFO  Main - Однажды Артур отправился на задание, чтобы спасти жителей деревни, таких как Фермер и Кузнец, от таинственной угрозы.
2025-01-07 19:54:36 [main] INFO  Main - Артур произносит вдохновляющую речь.
2025-01-07 19:54:36 [main] INFO  Main - Привет, моё имя Том. Мне 25 лет и я работаю Фермер.
2025-01-07 19:54:36 [main] INFO  Main - Привет, моё имя Люси. Мне 22 лет и я работаю Кузнец.
2025-01-07 19:54:36 [main] INFO  Main - Во время путешествия они наткнулись на обломки древнего корабля.
2025-01-07 19:54:36 [main] INFO  Main - Но надо мной или тяготел злой рок, или же люди, что плыли на разбившемся корабле, были обречены на погибель, только мне не суждено было тогда изведать это счастье. Так до последнего года моего житья на острове я и не узнал, спасся ли кто нибудь с погибшего корабля. Несколько дней спустя я сделал одно печальное открытие: нашел на берегу против того места, где разбился корабль, труп утонувшего юнги.
2025-01-07 19:54:36 [main] INFO  Main - Неизвестный Моряк лежит неподвижно на берегу.
2025-01-07 19:54:36 [main] INFO  Main - На нем были короткие холщевые штаны, синяя холщевая рубаха и матросская куртка. Ни по каким признакам нельзя было определить его национальность; в карманах у него не оказалось ничего, кроме двух золотых монет и трубки. И, разумеется, последней находке я обрадовался гораздо больше, чем первой.
2025-01-07 19:54:36 [main] INFO  Main - После бури наступил полный штиль, и мне очень хотелось попробовать добраться в лодке до корабля. Я был уверен, что найду там много такого, что может мне пригодиться. Но собственно не это прельщало меня, а надежда, что может быть, на корабле осталось какое-нибудь живое существо, которое я могу спасти от смерти и таким образом скрасить свою печальную жизнь.
2025-01-07 19:54:36 [main] INFO  Main - Эта мысль овладела всей моей душой: я чувствовал, что ни днем, ни ночью не буду знать покоя, пока не попытаюсь добраться в лодке до корабля, положившись на волю божию.
2025-01-07 19:54:36 [main] INFO  Main - Импульс, увлекавший меня, был так силен, что я не мог противиться. Я принял его за указание свыше и чувствовал бы угрызения совести, если бы не исполнил его.
2025-01-07 19:54:36 [main] INFO  Main - Вдохновленный этим божественным порывом, Артур собрал небольшую команду.
2025-01-07 19:54:36 [main] INFO  Main - Артур произносит вдохновляющую речь.
2025-01-07 19:54:36 [main] INFO  Main - Воин из Племя Саванны говорит на их родном языке.
2025-01-07 19:54:36 [main] INFO  Main - Вместе они отправились исследовать тайны кораблекрушения и вернуть надежду тем, кто остался позади.
2025-01-07 19:54:36 [main] INFO  Main - Артур движется быстро.
2025-01-07 19:54:36 [main] INFO  Main - Воин из Племя Саванны движется с ловкостью.
2025-01-07 19:54:36 [main] INFO  Main - Когда они поднялись на останки корабля, они раскрыли тайны, которые навсегда изменят их судьбу...
2025-01-13 10:32:36 [main] INFO  Main - Неизвестный Моряк разложился на 20%.
2025-01-13 10:32:36 [main] INFO  Main - Идентификация: Неизвестный Моряк
2025-01-13 10:32:36 [main] INFO  Main - Неизвестный Моряк разложился на 40%.
2025-01-13 10:32:36 [main] INFO  Main - Идентификация: Неизвестный Моряк
2025-01-13 10:32:36 [main] INFO  Main - Неизвестный Моряк разложился на 60%.
2025-01-13 10:32:36 [main] INFO  Main - Идентификация: Неизвестный Моряк
2025-01-13 10:32:36 [main] INFO  Main - Неизвестный Моряк разложился на 80%.
2025-01-13 10:32:36 [main] INFO  Main - Идентификация: Неизвестный Моряк
2025-01-13 10:32:36 [main] INFO  Main - Неизвестный Моряк разложился на 100%.
2025-01-13 10:32:36 [main] ERROR Main - Труп Неизвестный Моряк полностью разложился и не может быть идентифицирован.
2025-01-13 10:32:36 [main] INFO  Main - Однажды Артур отправился на задание, чтобы спасти жителей деревни, таких как Фермер и Кузнец, от таинственной угрозы.
2025-01-13 10:32:36 [main] INFO  Main - Артур произносит вдохновляющую речь.
2025-01-13 10:32:36 [main] INFO  Main - Привет, моё имя Том. Мне 25 лет и я работаю Фермер.
2025-01-13 10:32:36 [main] INFO  Main - Привет, моё имя Люси. Мне 22 лет и я работаю Кузнец.
2025-01-13 10:32:36 [main] INFO  Main - Во время путешествия они наткнулись на обломки древнего корабля.
2025-01-13 10:32:36 [main] INFO  Main - Но надо мной или тяготел злой рок, или же люди, что плыли на разбившемся корабле, были обречены на погибель, только мне не суждено было тогда изведать это счастье. Так до последнего года моего житья на острове я и не узнал, спасся ли кто нибудь с погибшего корабля. Несколько дней спустя я сделал одно печальное открытие: нашел на берегу против того места, где разбился корабль, труп утонувшего юнги.
2025-01-13 10:33:02 [main] INFO  Main - Неизвестный Моряк разложился на 20%.
2025-01-13 10:33:02 [main] INFO  Main - Идентификация: Неизвестный Моряк
2025-01-13 10:33:02 [main] INFO  Main - Неизвестный Моряк разложился на 40%.
2025-01-13 10:33:02 [main] INFO  Main - Идентификация: Неизвестный Моряк
2025-01-13 10:33:02 [main] INFO  Main - Неизвестный Моряк разложился на 60%.
2025-01-13 10:33:02 [main] INFO  Main - Идентификация: Неизвестный Моряк
2025-01-13 10:33:02 [main] INFO  Main - Неизвестный Моряк разложился на 80%.
2025-01-13 10:33:02 [main] INFO  Main - Идентификация: Неизвестный Моряк
2025-01-13 10:33:02 [main] INFO  Main - Неизвестный Моряк разложился на 100%.
2025-01-13 10:33:02 [main] ERROR Main - Труп Неизвестный Моряк полностью разложился и не может быть идентифицирован.
2025-01-13 10:33:02 [main] INFO  Main - Однажды Артур отправился на задание, чтобы спасти жителей деревни, таких как Фермер и Кузнец, от таинственной угрозы.
2025-01-13 10:33:02 [main] INFO  Main - Артур произносит вдохновляющую речь.
2025-01-13 10:33:02 [main] INFO  Main - Привет, моё имя Том. Мне 25 лет и я работаю Фермер.
2025-01-13 10:33:02 [main] INFO  Main - Привет, моё имя Люси. Мне 22 лет и я работаю Кузнец.
2025-01-13 10:33:02 [main] INFO  Main - Во время путешествия они наткнулись на обломки древнего корабля.
2025-01-13 10:33:02 [main] INFO  Main - Но надо мной или тяготел злой рок, или же люди, что плыли на разбившемся корабле, были обречены на погибель, только мне не суждено было тогда изведать это счастье. Так до последнего года моего житья на острове я и не узнал, спасся ли кто нибудь с погибшего корабля. Несколько дней спустя я сделал одно печальное открытие: нашел на берегу против того места, где разбился корабль, труп утонувшего юнги.
2025-01-13 10:40:28 [main] INFO  Main - Неизвестный Моряк разложился на 20%.
2025-01-13 10:40:28 [main] INFO  Main - Неизвестный Моряк медленно разлагается.
2025-01-13 10:40:28 [main] INFO  Main - Неизвестный Моряк разложился на 40%.
2025-01-13 10:40:28 [main] INFO  Main - Неизвестный Моряк медленно разлагается.
2025-01-13 10:40:28 [main] INFO  Main - Неизвестный Моряк разложился на 60%.
2025-01-13 10:40:28 [main] INFO  Main - Неизвестный Моряк медленно разлагается.
2025-01-13 10:40:28 [main] INFO  Main - Неизвестный Моряк разложился на 80%.
2025-01-13 10:40:28 [main] INFO  Main - Неизвестный Моряк медленно разлагается.
2025-01-13 10:40:28 [main] INFO  Main - Неизвестный Моряк разложился на 100%.
2025-01-13 10:40:28 [main] INFO  Main - Идентификация невозможна медленно разлагается.
2025-01-13 10:40:28 [main] INFO  Main - Неизвестный Моряк разложился на 100%.
2025-01-13 10:40:28 [main] INFO  Main - Идентификация невозможна медленно разлагается.
2025-01-13 10:40:28 [main] INFO  Main - Однажды Артур отправился на задание, чтобы спасти жителей деревни, таких как Фермер и Кузнец, от таинственной угрозы.
2025-01-13 10:40:28 [main] INFO  Main - Артур произносит вдохновляющую речь.
2025-01-13 10:40:28 [main] INFO  Main - Привет, моё имя Том. Мне 25 лет и я работаю Фермер.
2025-01-13 10:40:28 [main] INFO  Main - Привет, моё имя Люси. Мне 22 лет и я работаю Кузнец.
2025-01-13 10:40:28 [main] INFO  Main - Во время путешествия они наткнулись на обломки древнего корабля.
2025-01-13 10:40:28 [main] INFO  Main - Но надо мной или тяготел злой рок, или же люди, что плыли на разбившемся корабле, были обречены на погибель, только мне не суждено было тогда изведать это счастье. Так до последнего года моего житья на острове я и не узнал, спасся ли кто нибудь с погибшего корабля. Несколько дней спустя я сделал одно печальное открытие: нашел на берегу против того места, где разбился корабль, труп утонувшего юнги.
2025-01-13 10:40:28 [main] INFO  Main - Идентификация невозможна лежит неподвижно на берегу.
2025-01-13 10:40:28 [main] INFO  Main - На нем были короткие холщевые штаны, синяя холщевая рубаха и матросская куртка. Ни по каким признакам нельзя было определить его национальность; в карманах у него не оказалось ничего, кроме двух золотых монет и трубки. И, разумеется, последней находке я обрадовался гораздо больше, чем первой.
2025-01-13 10:40:28 [main] INFO  Main - После бури наступил полный штиль, и мне очень хотелось попробовать добраться в лодке до корабля. Я был уверен, что найду там много такого, что может мне пригодиться. Но собственно не это прельщало меня, а надежда, что может быть, на корабле осталось какое-нибудь живое существо, которое я могу спасти от смерти и таким образом скрасить свою печальную жизнь.
2025-01-13 10:40:28 [main] INFO  Main - Эта мысль овладела всей моей душой: я чувствовал, что ни днем, ни ночью не буду знать покоя, пока не попытаюсь добраться в лодке до корабля, положившись на волю божию.
2025-01-13 10:40:28 [main] INFO  Main - Импульс, увлекавший меня, был так силен, что я не мог противиться. Я принял его за указание свыше и чувствовал бы угрызения совести, если бы не исполнил его.
2025-01-13 10:40:28 [main] INFO  Main - Вдохновленный этим божественным порывом, Артур собрал небольшую команду.
2025-01-13 10:40:28 [main] INFO  Main - Артур произносит вдохновляющую речь.
2025-01-13 10:40:28 [main] INFO  Main - Воин из Племя Саванны говорит на их родном языке.
2025-01-13 10:40:28 [main] INFO  Main - Вместе они отправились исследовать тайны кораблекрушения и вернуть надежду тем, кто остался позади.
2025-01-13 10:40:28 [main] INFO  Main - Артур движется быстро.
2025-01-13 10:40:29 [main] INFO  Main - Воин из Племя Саванны движется с ловкостью.
2025-01-13 10:40:29 [main] INFO  Main - Когда они поднялись на останки корабля, они раскрыли тайны, которые навсегда изменят их судьбу...
2025-01-13 10:42:32 [main] INFO  Main - Неизвестный Моряк разложился на 20%.
2025-01-13 10:42:32 [main] INFO  Main - Неизвестный Моряк разложился на 40%.
2025-01-13 10:42:32 [main] INFO  Main - Неизвестный Моряк разложился на 60%.
2025-01-13 10:42:32 [main] INFO  Main - Неизвестный Моряк разложился на 80%.
2025-01-13 10:42:32 [main] INFO  Main - Неизвестный Моряк разложился на 100%.
2025-01-13 10:42:32 [main] INFO  Main - Неизвестный Моряк разложился на 100%.
2025-01-13 10:42:32 [main] INFO  Main - Однажды Артур отправился на задание, чтобы спасти жителей деревни, таких как Фермер и Кузнец, от таинственной угрозы.
2025-01-13 10:42:32 [main] INFO  Main - Артур произносит вдохновляющую речь.
2025-01-13 10:42:32 [main] INFO  Main - Привет, моё имя Том. Мне 25 лет и я работаю Фермер.
2025-01-13 10:42:32 [main] INFO  Main - Привет, моё имя Люси. Мне 22 лет и я работаю Кузнец.
2025-01-13 10:42:32 [main] INFO  Main - Во время путешествия они наткнулись на обломки древнего корабля.
2025-01-13 10:42:32 [main] INFO  Main - Но надо мной или тяготел злой рок, или же люди, что плыли на разбившемся корабле, были обречены на погибель, только мне не суждено было тогда изведать это счастье. Так до последнего года моего житья на острове я и не узнал, спасся ли кто нибудь с погибшего корабля. Несколько дней спустя я сделал одно печальное открытие: нашел на берегу против того места, где разбился корабль, труп утонувшего юнги.
2025-01-13 10:42:32 [main] INFO  Main - Идентификация невозможна лежит неподвижно на берегу.
2025-01-13 10:42:32 [main] INFO  Main - На нем были короткие холщевые штаны, синяя холщевая рубаха и матросская куртка. Ни по каким признакам нельзя было определить его национальность; в карманах у него не оказалось ничего, кроме двух золотых монет и трубки. И, разумеется, последней находке я обрадовался гораздо больше, чем первой.
2025-01-13 10:42:32 [main] INFO  Main - После бури наступил полный штиль, и мне очень хотелось попробовать добраться в лодке до корабля. Я был уверен, что найду там много такого, что может мне пригодиться. Но собственно не это прельщало меня, а надежда, что может быть, на корабле осталось какое-нибудь живое существо, которое я могу спасти от смерти и таким образом скрасить свою печальную жизнь.
2025-01-13 10:42:32 [main] INFO  Main - Эта мысль овладела всей моей душой: я чувствовал, что ни днем, ни ночью не буду знать покоя, пока не попытаюсь добраться в лодке до корабля, положившись на волю божию.
2025-01-13 10:42:32 [main] INFO  Main - Импульс, увлекавший меня, был так силен, что я не мог противиться. Я принял его за указание свыше и чувствовал бы угрызения совести, если бы не исполнил его.
2025-01-13 10:42:32 [main] INFO  Main - Вдохновленный этим божественным порывом, Артур собрал небольшую команду.
2025-01-13 10:42:32 [main] INFO  Main - Артур произносит вдохновляющую речь.
2025-01-13 10:42:32 [main] INFO  Main - Воин из Племя Саванны говорит на их родном языке.
2025-01-13 10:42:32 [main] INFO  Main - Вместе они отправились исследовать тайны кораблекрушения и вернуть надежду тем, кто остался позади.
2025-01-13 10:42:32 [main] INFO  Main - Артур движется быстро.
2025-01-13 10:42:32 [main] INFO  Main - Воин из Племя Саванны движется с ловкостью.
2025-01-13 10:42:32 [main] INFO  Main - Когда они поднялись на останки корабля, они раскрыли тайны, которые навсегда изменят их судьбу...
2025-01-13 10:42:49 [main] INFO  Main - Неизвестный Моряк разложился на 20%.
2025-01-13 10:42:49 [main] INFO  Main - Неизвестный Моряк разложился на 40%.
2025-01-13 10:42:49 [main] INFO  Main - Неизвестный Моряк разложился на 60%.
2025-01-13 10:42:49 [main] INFO  Main - Неизвестный Моряк разложился на 80%.
2025-01-13 10:42:49 [main] INFO  Main - Неизвестный Моряк разложился на 100%.
2025-01-13 10:42:49 [main] INFO  Main - Однажды Артур отправился на задание, чтобы спасти жителей деревни, таких как Фермер и Кузнец, от таинственной угрозы.
2025-01-13 10:42:49 [main] INFO  Main - Артур произносит вдохновляющую речь.
2025-01-13 10:42:49 [main] INFO  Main - Привет, моё имя Том. Мне 25 лет и я работаю Фермер.
2025-01-13 10:42:49 [main] INFO  Main - Привет, моё имя Люси. Мне 22 лет и я работаю Кузнец.
2025-01-13 10:42:49 [main] INFO  Main - Во время путешествия они наткнулись на обломки древнего корабля.
2025-01-13 10:42:49 [main] INFO  Main - Но надо мной или тяготел злой рок, или же люди, что плыли на разбившемся корабле, были обречены на погибель, только мне не суждено было тогда изведать это счастье. Так до последнего года моего житья на острове я и не узнал, спасся ли кто нибудь с погибшего корабля. Несколько дней спустя я сделал одно печальное открытие: нашел на берегу против того места, где разбился корабль, труп утонувшего юнги.
2025-01-13 10:42:49 [main] INFO  Main - Идентификация невозможна лежит неподвижно на берегу.
2025-01-13 10:42:49 [main] INFO  Main - На нем были короткие холщевые штаны, синяя холщевая рубаха и матросская куртка. Ни по каким признакам нельзя было определить его национальность; в карманах у него не оказалось ничего, кроме двух золотых монет и трубки. И, разумеется, последней находке я обрадовался гораздо больше, чем первой.
2025-01-13 10:42:49 [main] INFO  Main - После бури наступил полный штиль, и мне очень хотелось попробовать добраться в лодке до корабля. Я был уверен, что найду там много такого, что может мне пригодиться. Но собственно не это прельщало меня, а надежда, что может быть, на корабле осталось какое-нибудь живое существо, которое я могу спасти от смерти и таким образом скрасить свою печальную жизнь.
2025-01-13 10:42:49 [main] INFO  Main - Эта мысль овладела всей моей душой: я чувствовал, что ни днем, ни ночью не буду знать покоя, пока не попытаюсь добраться в лодке до корабля, положившись на волю божию.
2025-01-13 10:42:49 [main] INFO  Main - Импульс, увлекавший меня, был так силен, что я не мог противиться. Я принял его за указание свыше и чувствовал бы угрызения совести, если бы не исполнил его.
2025-01-13 10:42:49 [main] INFO  Main - Вдохновленный этим божественным порывом, Артур собрал небольшую команду.
2025-01-13 10:42:49 [main] INFO  Main - Артур произносит вдохновляющую речь.
2025-01-13 10:42:49 [main] INFO  Main - Воин из Племя Саванны говорит на их родном языке.
2025-01-13 10:42:49 [main] INFO  Main - Вместе они отправились исследовать тайны кораблекрушения и вернуть надежду тем, кто остался позади.
2025-01-13 10:42:49 [main] INFO  Main - Артур движется быстро.
2025-01-13 10:42:49 [main] INFO  Main - Воин из Племя Саванны движется с ловкостью.
2025-01-13 10:42:49 [main] INFO  Main - Когда они поднялись на останки корабля, они раскрыли тайны, которые навсегда изменят их судьбу...
2025-01-13 10:43:12 [main] INFO  Main - Неизвестный Моряк разложился на 20%.
2025-01-13 10:43:12 [main] INFO  Main - Неизвестный Моряк медленно разлагается.
2025-01-13 10:43:12 [main] INFO  Main - Неизвестный Моряк разложился на 40%.
2025-01-13 10:43:12 [main] INFO  Main - Неизвестный Моряк медленно разлагается.
2025-01-13 10:43:12 [main] INFO  Main - Неизвестный Моряк разложился на 60%.
2025-01-13 10:43:12 [main] INFO  Main - Неизвестный Моряк медленно разлагается.
2025-01-13 10:43:12 [main] INFO  Main - Неизвестный Моряк разложился на 80%.
2025-01-13 10:43:12 [main] INFO  Main - Неизвестный Моряк медленно разлагается.
2025-01-13 10:43:12 [main] INFO  Main - Неизвестный Моряк разложился на 100%.
2025-01-13 10:43:12 [main] INFO  Main - Идентификация невозможна медленно разлагается.
2025-01-13 10:43:12 [main] INFO  Main - Однажды Артур отправился на задание, чтобы спасти жителей деревни, таких как Фермер и Кузнец, от таинственной угрозы.
2025-01-13 10:43:12 [main] INFO  Main - Артур произносит вдохновляющую речь.
2025-01-13 10:43:12 [main] INFO  Main - Привет, моё имя Том. Мне 25 лет и я работаю Фермер.
2025-01-13 10:43:12 [main] INFO  Main - Привет, моё имя Люси. Мне 22 лет и я работаю Кузнец.
2025-01-13 10:43:12 [main] INFO  Main - Во время путешествия они наткнулись на обломки древнего корабля.
2025-01-13 10:43:12 [main] INFO  Main - Но надо мной или тяготел злой рок, или же люди, что плыли на разбившемся корабле, были обречены на погибель, только мне не суждено было тогда изведать это счастье. Так до последнего года моего житья на острове я и не узнал, спасся ли кто нибудь с погибшего корабля. Несколько дней спустя я сделал одно печальное открытие: нашел на берегу против того места, где разбился корабль, труп утонувшего юнги.
2025-01-13 10:43:12 [main] INFO  Main - Идентификация невозможна лежит неподвижно на берегу.
2025-01-13 10:43:12 [main] INFO  Main - На нем были короткие холщевые штаны, синяя холщевая рубаха и матросская куртка. Ни по каким признакам нельзя было определить его национальность; в карманах у него не оказалось ничего, кроме двух золотых монет и трубки. И, разумеется, последней находке я обрадовался гораздо больше, чем первой.
2025-01-13 10:43:12 [main] INFO  Main - После бури наступил полный штиль, и мне очень хотелось попробовать добраться в лодке до корабля. Я был уверен, что найду там много такого, что может мне пригодиться. Но собственно не это прельщало меня, а надежда, что может быть, на корабле осталось какое-нибудь живое существо, которое я могу спасти от смерти и таким образом скрасить свою печальную жизнь.
2025-01-13 10:43:12 [main] INFO  Main - Эта мысль овладела всей моей душой: я чувствовал, что ни днем, ни ночью не буду знать покоя, пока не попытаюсь добраться в лодке до корабля, положившись на волю божию.
2025-01-13 10:43:12 [main] INFO  Main - Импульс, увлекавший меня, был так силен, что я не мог противиться. Я принял его за указание свыше и чувствовал бы угрызения совести, если бы не исполнил его.
2025-01-13 10:43:12 [main] INFO  Main - Вдохновленный этим божественным порывом, Артур собрал небольшую команду.
2025-01-13 10:43:12 [main] INFO  Main - Артур произносит вдохновляющую речь.
2025-01-13 10:43:12 [main] INFO  Main - Воин из Племя Саванны говорит на их родном языке.
2025-01-13 10:43:12 [main] INFO  Main - Вместе они отправились исследовать тайны кораблекрушения и вернуть надежду тем, кто остался позади.
2025-01-13 10:43:12 [main] INFO  Main - Артур движется быстро.
2025-01-13 10:43:12 [main] INFO  Main - Воин из Племя Саванны движется с ловкостью.
2025-01-13 10:43:12 [main] INFO  Main - Когда они поднялись на останки корабля, они раскрыли тайны, которые навсегда изменят их судьбу...
2025-01-13 10:50:03 [main] INFO  Main - Неизвестный Моряк разложился на 20%.
2025-01-13 10:50:03 [main] INFO  Main - Неизвестный Моряк медленно разлагается.
2025-01-13 10:50:03 [main] INFO  Main - Неизвестный Моряк разложился на 40%.
2025-01-13 10:50:03 [main] INFO  Main - Неизвестный Моряк медленно разлагается.
2025-01-13 10:50:03 [main] INFO  Main - Неизвестный Моряк разложился на 60%.
2025-01-13 10:50:03 [main] INFO  Main - Неизвестный Моряк медленно разлагается.
2025-01-13 10:50:03 [main] INFO  Main - Неизвестный Моряк разложился на 80%.
2025-01-13 10:50:03 [main] INFO  Main - Неизвестный Моряк медленно разлагается.
2025-01-13 10:50:03 [main] INFO  Main - Неизвестный Моряк разложился на 100%.
2025-01-13 10:50:03 [main] ERROR Main - Труп Неизвестный Моряк полностью разложился и не может быть идентифицирован.
2025-01-13 10:50:03 [main] INFO  Main - Идентификация невозможна, так как медленно разлагается.
2025-01-13 10:50:03 [main] INFO  Main - Однажды Артур отправился на задание, чтобы спасти жителей деревни, таких как Фермер и Кузнец, от таинственной угрозы.
2025-01-13 10:50:03 [main] INFO  Main - Артур произносит вдохновляющую речь.
2025-01-13 10:50:03 [main] INFO  Main - Привет, моё имя Том. Мне 25 лет и я работаю Фермер.
2025-01-13 10:50:03 [main] INFO  Main - Привет, моё имя Люси. Мне 22 лет и я работаю Кузнец.
2025-01-13 10:50:03 [main] INFO  Main - Во время путешествия они наткнулись на обломки древнего корабля.
2025-01-13 10:50:03 [main] INFO  Main - Но надо мной или тяготел злой рок, или же люди, что плыли на разбившемся корабле, были обречены на погибель, только мне не суждено было тогда изведать это счастье. Так до последнего года моего житья на острове я и не узнал, спасся ли кто нибудь с погибшего корабля. Несколько дней спустя я сделал одно печальное открытие: нашел на берегу против того места, где разбился корабль, труп утонувшего юнги.
2025-01-13 10:50:03 [main] ERROR Main - Труп Неизвестный Моряк полностью разложился и не может быть идентифицирован.
2025-01-13 10:50:03 [main] INFO  Main - Идентификация невозможна, так как лежит неподвижно на берегу.
2025-01-13 10:50:03 [main] INFO  Main - На нем были короткие холщевые штаны, синяя холщевая рубаха и матросская куртка. Ни по каким признакам нельзя было определить его национальность; в карманах у него не оказалось ничего, кроме двух золотых монет и трубки. И, разумеется, последней находке я обрадовался гораздо больше, чем первой.
2025-01-13 10:50:03 [main] INFO  Main - После бури наступил полный штиль, и мне очень хотелось попробовать добраться в лодке до корабля. Я был уверен, что найду там много такого, что может мне пригодиться. Но собственно не это прельщало меня, а надежда, что может быть, на корабле осталось какое-нибудь живое существо, которое я могу спасти от смерти и таким образом скрасить свою печальную жизнь.
2025-01-13 10:50:03 [main] INFO  Main - Эта мысль овладела всей моей душой: я чувствовал, что ни днем, ни ночью не буду знать покоя, пока не попытаюсь добраться в лодке до корабля, положившись на волю божию.
2025-01-13 10:50:03 [main] INFO  Main - Импульс, увлекавший меня, был так силен, что я не мог противиться. Я принял его за указание свыше и чувствовал бы угрызения совести, если бы не исполнил его.
2025-01-13 10:50:03 [main] INFO  Main - Вдохновленный этим божественным порывом, Артур собрал небольшую команду.
2025-01-13 10:50:03 [main] INFO  Main - Артур произносит вдохновляющую речь.
2025-01-13 10:50:03 [main] INFO  Main - Воин из Племя Саванны говорит на их родном языке.
2025-01-13 10:50:03 [main] INFO  Main - Вместе они отправились исследовать тайны кораблекрушения и вернуть надежду тем, кто остался позади.
2025-01-13 10:50:03 [main] INFO  Main - Артур движется быстро.
2025-01-13 10:50:03 [main] INFO  Main - Воин из Племя Саванны движется с ловкостью.
2025-01-13 10:50:03 [main] INFO  Main - Когда они поднялись на останки корабля, они раскрыли тайны, которые навсегда изменят их судьбу...
2025-01-13 10:50:42 [main] INFO  Main - Неизвестный Моряк разложился на 20%.
2025-01-13 10:50:42 [main] INFO  Main - Неизвестный Моряк медленно разлагается.
2025-01-13 10:50:42 [main] INFO  Main - Неизвестный Моряк разложился на 40%.
2025-01-13 10:50:42 [main] INFO  Main - Неизвестный Моряк медленно разлагается.
2025-01-13 10:50:42 [main] INFO  Main - Неизвестный Моряк разложился на 60%.
2025-01-13 10:50:42 [main] INFO  Main - Неизвестный Моряк медленно разлагается.
2025-01-13 10:50:42 [main] INFO  Main - Неизвестный Моряк разложился на 80%.
2025-01-13 10:50:42 [main] INFO  Main - Неизвестный Моряк медленно разлагается.
2025-01-13 10:50:42 [main] INFO  Main - Неизвестный Моряк разложился на 100%.
2025-01-13 10:50:42 [main] INFO  Main - Идентификация невозможна, так как медленно разлагается.
2025-01-13 10:50:42 [main] INFO  Main - Однажды Артур отправился на задание, чтобы спасти жителей деревни, таких как Фермер и Кузнец, от таинственной угрозы.
2025-01-13 10:50:42 [main] INFO  Main - Артур произносит вдохновляющую речь.
2025-01-13 10:50:42 [main] INFO  Main - Привет, моё имя Том. Мне 25 лет и я работаю Фермер.
2025-01-13 10:50:42 [main] INFO  Main - Привет, моё имя Люси. Мне 22 лет и я работаю Кузнец.
2025-01-13 10:50:42 [main] INFO  Main - Во время путешествия они наткнулись на обломки древнего корабля.
2025-01-13 10:50:42 [main] INFO  Main - Но надо мной или тяготел злой рок, или же люди, что плыли на разбившемся корабле, были обречены на погибель, только мне не суждено было тогда изведать это счастье. Так до последнего года моего житья на острове я и не узнал, спасся ли кто нибудь с погибшего корабля. Несколько дней спустя я сделал одно печальное открытие: нашел на берегу против того места, где разбился корабль, труп утонувшего юнги.
2025-01-13 10:50:42 [main] INFO  Main - Идентификация невозможна, так как лежит неподвижно на берегу.
2025-01-13 10:50:42 [main] INFO  Main - На нем были короткие холщевые штаны, синяя холщевая рубаха и матросская куртка. Ни по каким признакам нельзя было определить его национальность; в карманах у него не оказалось ничего, кроме двух золотых монет и трубки. И, разумеется, последней находке я обрадовался гораздо больше, чем первой.
2025-01-13 10:50:42 [main] INFO  Main - После бури наступил полный штиль, и мне очень хотелось попробовать добраться в лодке до корабля. Я был уверен, что найду там много такого, что может мне пригодиться. Но собственно не это прельщало меня, а надежда, что может быть, на корабле осталось какое-нибудь живое существо, которое я могу спасти от смерти и таким образом скрасить свою печальную жизнь.
2025-01-13 10:50:42 [main] INFO  Main - Эта мысль овладела всей моей душой: я чувствовал, что ни днем, ни ночью не буду знать покоя, пока не попытаюсь добраться в лодке до корабля, положившись на волю божию.
2025-01-13 10:50:42 [main] INFO  Main - Импульс, увлекавший меня, был так силен, что я не мог противиться. Я принял его за указание свыше и чувствовал бы угрызения совести, если бы не исполнил его.
2025-01-13 10:50:42 [main] INFO  Main - Вдохновленный этим божественным порывом, Артур собрал небольшую команду.
2025-01-13 10:50:42 [main] INFO  Main - Артур произносит вдохновляющую речь.
2025-01-13 10:50:42 [main] INFO  Main - Воин из Племя Саванны говорит на их родном языке.
2025-01-13 10:50:42 [main] INFO  Main - Вместе они отправились исследовать тайны кораблекрушения и вернуть надежду тем, кто остался позади.
2025-01-13 10:50:42 [main] INFO  Main - Артур движется быстро.
2025-01-13 10:50:42 [main] INFO  Main - Воин из Племя Саванны движется с ловкостью.
2025-01-13 10:50:42 [main] INFO  Main - Когда они поднялись на останки корабля, они раскрыли тайны, которые навсегда изменят их судьбу...
2025-01-13 11:01:38 [main] INFO  Main - Неизвестный Моряк разложился на 20%.
2025-01-13 11:01:38 [main] INFO  Main - Неизвестный Моряк медленно разлагается.
2025-01-13 11:01:38 [main] INFO  Main - Неизвестный Моряк разложился на 40%.
2025-01-13 11:01:38 [main] INFO  Main - Неизвестный Моряк медленно разлагается.
2025-01-13 11:01:38 [main] INFO  Main - Неизвестный Моряк разложился на 60%.
2025-01-13 11:01:38 [main] INFO  Main - Неизвестный Моряк медленно разлагается.
2025-01-13 11:01:38 [main] INFO  Main - Неизвестный Моряк разложился на 80%.
2025-01-13 11:01:38 [main] INFO  Main - Неизвестный Моряк медленно разлагается.
2025-01-13 11:01:38 [main] INFO  Main - Неизвестный Моряк разложился на 100%.
2025-01-13 11:01:38 [main] INFO  Main - Идентификация невозможна медленно разлагается.
2025-01-13 11:01:38 [main] INFO  Main - Однажды Артур отправился на задание, чтобы спасти жителей деревни, таких как Фермер и Кузнец, от таинственной угрозы.
2025-01-13 11:01:38 [main] INFO  Main - Артур произносит вдохновляющую речь.
2025-01-13 11:01:38 [main] INFO  Main - Привет, моё имя Том. Мне 25 лет и я работаю Фермер.
2025-01-13 11:01:38 [main] INFO  Main - Привет, моё имя Люси. Мне 22 лет и я работаю Кузнец.
2025-01-13 11:01:38 [main] INFO  Main - Во время путешествия они наткнулись на обломки древнего корабля.
2025-01-13 11:01:38 [main] INFO  Main - Но надо мной или тяготел злой рок, или же люди, что плыли на разбившемся корабле, были обречены на погибель, только мне не суждено было тогда изведать это счастье. Так до последнего года моего житья на острове я и не узнал, спасся ли кто нибудь с погибшего корабля. Несколько дней спустя я сделал одно печальное открытие: нашел на берегу против того места, где разбился корабль, труп утонувшего юнги.
2025-01-13 11:01:38 [main] INFO  Main - Идентификация невозможна
2025-01-13 11:01:38 [main] INFO  Main - На нем были короткие холщевые штаны, синяя холщевая рубаха и матросская куртка. Ни по каким признакам нельзя было определить его национальность; в карманах у него не оказалось ничего, кроме двух золотых монет и трубки. И, разумеется, последней находке я обрадовался гораздо больше, чем первой.
2025-01-13 11:01:38 [main] INFO  Main - После бури наступил полный штиль, и мне очень хотелось попробовать добраться в лодке до корабля. Я был уверен, что найду там много такого, что может мне пригодиться. Но собственно не это прельщало меня, а надежда, что может быть, на корабле осталось какое-нибудь живое существо, которое я могу спасти от смерти и таким образом скрасить свою печальную жизнь.
2025-01-13 11:01:38 [main] INFO  Main - Эта мысль овладела всей моей душой: я чувствовал, что ни днем, ни ночью не буду знать покоя, пока не попытаюсь добраться в лодке до корабля, положившись на волю божию.
2025-01-13 11:01:38 [main] INFO  Main - Импульс, увлекавший меня, был так силен, что я не мог противиться. Я принял его за указание свыше и чувствовал бы угрызения совести, если бы не исполнил его.
2025-01-13 11:01:38 [main] INFO  Main - Вдохновленный этим божественным порывом, Артур собрал небольшую команду.
2025-01-13 11:01:38 [main] INFO  Main - Артур произносит вдохновляющую речь.
2025-01-13 11:01:38 [main] INFO  Main - Воин из Племя Саванны говорит на их родном языке.
2025-01-13 11:01:38 [main] INFO  Main - Вместе они отправились исследовать тайны кораблекрушения и вернуть надежду тем, кто остался позади.
2025-01-13 11:01:38 [main] INFO  Main - Артур движется быстро.
2025-01-13 11:01:38 [main] INFO  Main - Воин из Племя Саванны движется с ловкостью.
2025-01-13 11:01:38 [main] INFO  Main - Когда они поднялись на останки корабля, они раскрыли тайны, которые навсегда изменят их судьбу...
2025-01-13 11:08:07 [main] INFO  Main - Неизвестный Моряк разложился на 20%.
2025-01-13 11:08:07 [main] INFO  Main - Неизвестный Моряк медленно разлагается.
2025-01-13 11:08:07 [main] INFO  Main - Неизвестный Моряк разложился на 40%.
2025-01-13 11:08:07 [main] INFO  Main - Неизвестный Моряк медленно разлагается.
2025-01-13 11:08:07 [main] INFO  Main - Неизвестный Моряк разложился на 60%.
2025-01-13 11:08:07 [main] INFO  Main - Неизвестный Моряк медленно разлагается.
2025-01-13 11:08:07 [main] INFO  Main - Неизвестный Моряк разложился на 80%.
2025-01-13 11:08:07 [main] INFO  Main - Неизвестный Моряк медленно разлагается.
2025-01-13 11:08:07 [main] INFO  Main - Неизвестный Моряк разложился на 100%.
2025-01-13 11:08:07 [main] INFO  Main - Идентификация невозможна медленно разлагается.
2025-01-13 11:08:07 [main] INFO  Main - Однажды Артур отправился на задание, чтобы спасти жителей деревни, таких как Фермер и Кузнец, от таинственной угрозы.
2025-01-13 11:08:07 [main] INFO  Main - Артур произносит вдохновляющую речь.
2025-01-13 11:08:07 [main] INFO  Main - Привет, моё имя Том. Мне 25 лет и я работаю Фермер.
2025-01-13 11:08:07 [main] INFO  Main - Привет, моё имя Люси. Мне 22 лет и я работаю Кузнец.
2025-01-13 11:08:07 [main] INFO  Main - Во время путешествия они наткнулись на обломки древнего корабля.
2025-01-13 11:08:07 [main] INFO  Main - Но надо мной или тяготел злой рок, или же люди, что плыли на разбившемся корабле, были обречены на погибель, только мне не суждено было тогда изведать это счастье. Так до последнего года моего житья на острове я и не узнал, спасся ли кто нибудь с погибшего корабля. Несколько дней спустя я сделал одно печальное открытие: нашел на берегу против того места, где разбился корабль, труп утонувшего юнги.
2025-01-13 11:08:07 [main] INFO  Main - Идентификация невозможна
2025-01-13 11:08:07 [main] INFO  Main - После бури наступил полный штиль, и мне очень хотелось попробовать добраться в лодке до корабля. Я был уверен, что найду там много такого, что может мне пригодиться. Но собственно не это прельщало меня, а надежда, что может быть, на корабле осталось какое-нибудь живое существо, которое я могу спасти от смерти и таким образом скрасить свою печальную жизнь.
2025-01-13 11:08:07 [main] INFO  Main - Эта мысль овладела всей моей душой: я чувствовал, что ни днем, ни ночью не буду знать покоя, пока не попытаюсь добраться в лодке до корабля, положившись на волю божию.
2025-01-13 11:08:07 [main] INFO  Main - Импульс, увлекавший меня, был так силен, что я не мог противиться. Я принял его за указание свыше и чувствовал бы угрызения совести, если бы не исполнил его.
2025-01-13 11:08:07 [main] INFO  Main - Вдохновленный этим божественным порывом, Артур собрал небольшую команду.
2025-01-13 11:08:07 [main] INFO  Main - Артур произносит вдохновляющую речь.
2025-01-13 11:08:07 [main] INFO  Main - Воин из Племя Саванны говорит на их родном языке.
2025-01-13 11:08:07 [main] INFO  Main - Вместе они отправились исследовать тайны кораблекрушения и вернуть надежду тем, кто остался позади.
2025-01-13 11:08:07 [main] INFO  Main - Артур движется быстро.
2025-01-13 11:08:07 [main] INFO  Main - Воин из Племя Саванны движется с ловкостью.
2025-01-13 11:08:07 [main] INFO  Main - Когда они поднялись на останки корабля, они раскрыли тайны, которые навсегда изменят их судьбу...
2025-01-13 11:09:30 [main] INFO  Main - Неизвестный Моряк разложился на 20%.
2025-01-13 11:09:30 [main] INFO  Main - Неизвестный Моряк медленно разлагается.
2025-01-13 11:09:30 [main] INFO  Main - Неизвестный Моряк разложился на 40%.
2025-01-13 11:09:30 [main] INFO  Main - Неизвестный Моряк медленно разлагается.
2025-01-13 11:09:30 [main] INFO  Main - Неизвестный Моряк разложился на 60%.
2025-01-13 11:09:30 [main] INFO  Main - Неизвестный Моряк медленно разлагается.
2025-01-13 11:09:30 [main] INFO  Main - Неизвестный Моряк разложился на 80%.
2025-01-13 11:09:30 [main] INFO  Main - Неизвестный Моряк медленно разлагается.
2025-01-13 11:09:30 [main] INFO  Main - Однажды Артур отправился на задание, чтобы спасти жителей деревни, таких как Фермер и Кузнец, от таинственной угрозы.
2025-01-13 11:09:30 [main] INFO  Main - Артур произносит вдохновляющую речь.
2025-01-13 11:09:30 [main] INFO  Main - Привет, моё имя Том. Мне 25 лет и я работаю Фермер.
2025-01-13 11:09:30 [main] INFO  Main - Привет, моё имя Люси. Мне 22 лет и я работаю Кузнец.
2025-01-13 11:09:30 [main] INFO  Main - Во время путешествия они наткнулись на обломки древнего корабля.
2025-01-13 11:09:30 [main] INFO  Main - Но надо мной или тяготел злой рок, или же люди, что плыли на разбившемся корабле, были обречены на погибель, только мне не суждено было тогда изведать это счастье. Так до последнего года моего житья на острове я и не узнал, спасся ли кто нибудь с погибшего корабля. Несколько дней спустя я сделал одно печальное открытие: нашел на берегу против того места, где разбился корабль, труп утонувшего юнги.
2025-01-13 11:09:30 [main] INFO  Main - На нем были короткие холщевые штаны, синяя холщевая рубаха и матросская куртка. Ни по каким признакам нельзя было определить его национальность; в карманах у него не оказалось ничего, кроме двух золотых монет и трубки. И, разумеется, последней находке я обрадовался гораздо больше, чем первой.
2025-01-13 11:09:30 [main] INFO  Main - После бури наступил полный штиль, и мне очень хотелось попробовать добраться в лодке до корабля. Я был уверен, что найду там много такого, что может мне пригодиться. Но собственно не это прельщало меня, а надежда, что может быть, на корабле осталось какое-нибудь живое существо, которое я могу спасти от смерти и таким образом скрасить свою печальную жизнь.
2025-01-13 11:09:30 [main] INFO  Main - Эта мысль овладела всей моей душой: я чувствовал, что ни днем, ни ночью не буду знать покоя, пока не попытаюсь добраться в лодке до корабля, положившись на волю божию.
2025-01-13 11:09:30 [main] INFO  Main - Импульс, увлекавший меня, был так силен, что я не мог противиться. Я принял его за указание свыше и чувствовал бы угрызения совести, если бы не исполнил его.
2025-01-13 11:09:30 [main] INFO  Main - Вдохновленный этим божественным порывом, Артур собрал небольшую команду.
2025-01-13 11:09:30 [main] INFO  Main - Артур произносит вдохновляющую речь.
2025-01-13 11:09:30 [main] INFO  Main - Воин из Племя Саванны говорит на их родном языке.
2025-01-13 11:09:30 [main] INFO  Main - Вместе они отправились исследовать тайны кораблекрушения и вернуть надежду тем, кто остался позади.
2025-01-13 11:09:30 [main] INFO  Main - Артур движется быстро.
2025-01-13 11:09:30 [main] INFO  Main - Воин из Племя Саванны движется с ловкостью.
2025-01-13 11:09:30 [main] INFO  Main - Когда они поднялись на останки корабля, они раскрыли тайны, которые навсегда изменят их судьбу...
2025-01-13 11:10:47 [main] INFO  Main - Неизвестный Моряк разложился на 20%.
2025-01-13 11:10:47 [main] INFO  Main - Неизвестный Моряк медленно разлагается.
2025-01-13 11:10:47 [main] INFO  Main - Неизвестный Моряк разложился на 40%.
2025-01-13 11:10:47 [main] INFO  Main - Неизвестный Моряк медленно разлагается.
2025-01-13 11:10:47 [main] INFO  Main - Неизвестный Моряк разложился на 60%.
2025-01-13 11:10:47 [main] INFO  Main - Неизвестный Моряк медленно разлагается.
2025-01-13 11:10:47 [main] INFO  Main - Неизвестный Моряк разложился на 80%.
2025-01-13 11:10:47 [main] INFO  Main - Неизвестный Моряк медленно разлагается.
2025-01-13 11:10:47 [main] INFO  Main - Неизвестный Моряк разложился на 100%.
2025-01-13 11:10:47 [main] ERROR Main - Неизвестный Моряк полностью разложился и не может быть идентифицирован.
2025-01-13 11:10:47 [main] INFO  Main - Идентификация невозможна медленно разлагается.
2025-01-13 11:10:47 [main] INFO  Main - Однажды Артур отправился на задание, чтобы спасти жителей деревни, таких как Фермер и Кузнец, от таинственной угрозы.
2025-01-13 11:10:47 [main] INFO  Main - Артур произносит вдохновляющую речь.
2025-01-13 11:10:47 [main] INFO  Main - Привет, моё имя Том. Мне 25 лет и я работаю Фермер.
2025-01-13 11:10:47 [main] INFO  Main - Привет, моё имя Люси. Мне 22 лет и я работаю Кузнец.
2025-01-13 11:10:47 [main] INFO  Main - Во время путешествия они наткнулись на обломки древнего корабля.
2025-01-13 11:10:47 [main] INFO  Main - Но надо мной или тяготел злой рок, или же люди, что плыли на разбившемся корабле, были обречены на погибель, только мне не суждено было тогда изведать это счастье. Так до последнего года моего житья на острове я и не узнал, спасся ли кто нибудь с погибшего корабля. Несколько дней спустя я сделал одно печальное открытие: нашел на берегу против того места, где разбился корабль, труп утонувшего юнги.
2025-01-13 11:10:47 [main] ERROR Main - Неизвестный Моряк полностью разложился и не может быть идентифицирован.
2025-01-13 11:10:47 [main] ERROR Main - Неизвестный Моряк полностью разложился и не может быть идентифицирован.
2025-01-13 11:10:47 [main] INFO  Main - Идентификация невозможна
2025-01-13 11:10:47 [main] INFO  Main - После бури наступил полный штиль, и мне очень хотелось попробовать добраться в лодке до корабля. Я был уверен, что найду там много такого, что может мне пригодиться. Но собственно не это прельщало меня, а надежда, что может быть, на корабле осталось какое-нибудь живое существо, которое я могу спасти от смерти и таким образом скрасить свою печальную жизнь.
2025-01-13 11:10:47 [main] INFO  Main - Эта мысль овладела всей моей душой: я чувствовал, что ни днем, ни ночью не буду знать покоя, пока не попытаюсь добраться в лодке до корабля, положившись на волю божию.
2025-01-13 11:10:47 [main] INFO  Main - Импульс, увлекавший меня, был так силен, что я не мог противиться. Я принял его за указание свыше и чувствовал бы угрызения совести, если бы не исполнил его.
2025-01-13 11:10:47 [main] INFO  Main - Вдохновленный этим божественным порывом, Артур собрал небольшую команду.
2025-01-13 11:10:47 [main] INFO  Main - Артур произносит вдохновляющую речь.
2025-01-13 11:10:47 [main] INFO  Main - Воин из Племя Саванны говорит на их родном языке.
2025-01-13 11:10:47 [main] INFO  Main - Вместе они отправились исследовать тайны кораблекрушения и вернуть надежду тем, кто остался позади.
2025-01-13 11:10:47 [main] INFO  Main - Артур движется быстро.
2025-01-13 11:10:47 [main] INFO  Main - Воин из Племя Саванны движется с ловкостью.
2025-01-13 11:10:47 [main] INFO  Main - Когда они поднялись на останки корабля, они раскрыли тайны, которые навсегда изменят их судьбу...
2025-01-13 11:14:21 [main] INFO  Main - Неизвестный Моряк разложился на 20%.
2025-01-13 11:14:21 [main] INFO  Main - Неизвестный Моряк медленно разлагается.
2025-01-13 11:14:21 [main] INFO  Main - Неизвестный Моряк разложился на 40%.
2025-01-13 11:14:21 [main] INFO  Main - Неизвестный Моряк медленно разлагается.
2025-01-13 11:14:21 [main] INFO  Main - Неизвестный Моряк разложился на 60%.
2025-01-13 11:14:21 [main] INFO  Main - Неизвестный Моряк медленно разлагается.
2025-01-13 11:14:21 [main] INFO  Main - Неизвестный Моряк разложился на 80%.
2025-01-13 11:14:21 [main] INFO  Main - Неизвестный Моряк медленно разлагается.
2025-01-13 11:14:21 [main] INFO  Main - Неизвестный Моряк разложился на 100%.
2025-01-13 11:14:21 [main] ERROR Main - Неизвестный Моряк полностью разложился и не может быть идентифицирован.
2025-01-13 11:14:21 [main] INFO  Main - Идентификация невозможна медленно разлагается.
2025-01-13 11:14:21 [main] INFO  Main - Однажды Артур отправился на задание, чтобы спасти жителей деревни, таких как Фермер и Кузнец, от таинственной угрозы.
2025-01-13 11:14:21 [main] INFO  Main - Артур произносит вдохновляющую речь.
2025-01-13 11:14:21 [main] INFO  Main - Привет, моё имя Том. Мне 25 лет и я работаю Фермер.
2025-01-13 11:14:21 [main] INFO  Main - Привет, моё имя Люси. Мне 22 лет и я работаю Кузнец.
2025-01-13 11:14:21 [main] INFO  Main - Во время путешествия они наткнулись на обломки древнего корабля.
2025-01-13 11:14:21 [main] INFO  Main - Но надо мной или тяготел злой рок, или же люди, что плыли на разбившемся корабле, были обречены на погибель, только мне не суждено было тогда изведать это счастье. Так до последнего года моего житья на острове я и не узнал, спасся ли кто нибудь с погибшего корабля. Несколько дней спустя я сделал одно печальное открытие: нашел на берегу против того места, где разбился корабль, труп утонувшего юнги.
2025-01-13 11:14:21 [main] ERROR Main - Неизвестный Моряк полностью разложился и не может быть идентифицирован.
2025-01-13 11:14:21 [main] ERROR Main - Неизвестный Моряк полностью разложился и не может быть идентифицирован.
2025-01-13 11:14:21 [main] INFO  Main - Идентификация невозможна,так как труп разложился
2025-01-13 11:14:21 [main] INFO  Main - После бури наступил полный штиль, и мне очень хотелось попробовать добраться в лодке до корабля. Я был уверен, что найду там много такого, что может мне пригодиться. Но собственно не это прельщало меня, а надежда, что может быть, на корабле осталось какое-нибудь живое существо, которое я могу спасти от смерти и таким образом скрасить свою печальную жизнь.
2025-01-13 11:14:21 [main] INFO  Main - Эта мысль овладела всей моей душой: я чувствовал, что ни днем, ни ночью не буду знать покоя, пока не попытаюсь добраться в лодке до корабля, положившись на волю божию.
2025-01-13 11:14:21 [main] INFO  Main - Импульс, увлекавший меня, был так силен, что я не мог противиться. Я принял его за указание свыше и чувствовал бы угрызения совести, если бы не исполнил его.
2025-01-13 11:14:21 [main] INFO  Main - Вдохновленный этим божественным порывом, Артур собрал небольшую команду.
2025-01-13 11:14:21 [main] INFO  Main - Артур произносит вдохновляющую речь.
2025-01-13 11:14:21 [main] INFO  Main - Воин из Племя Саванны говорит на их родном языке.
2025-01-13 11:14:21 [main] INFO  Main - Вместе они отправились исследовать тайны кораблекрушения и вернуть надежду тем, кто остался позади.
2025-01-13 11:14:21 [main] INFO  Main - Артур движется быстро.
2025-01-13 11:14:21 [main] INFO  Main - Воин из Племя Саванны движется с ловкостью.
2025-01-13 11:14:21 [main] INFO  Main - Когда они поднялись на останки корабля, они раскрыли тайны, которые навсегда изменят их судьбу...
2025-01-13 11:15:15 [main] INFO  Main - Неизвестный Моряк разложился на 20%.
2025-01-13 11:15:15 [main] INFO  Main - Неизвестный Моряк медленно разлагается.
2025-01-13 11:15:15 [main] INFO  Main - Неизвестный Моряк разложился на 40%.
2025-01-13 11:15:15 [main] INFO  Main - Неизвестный Моряк медленно разлагается.
2025-01-13 11:15:15 [main] INFO  Main - Неизвестный Моряк разложился на 60%.
2025-01-13 11:15:15 [main] INFO  Main - Неизвестный Моряк медленно разлагается.
2025-01-13 11:15:15 [main] INFO  Main - Неизвестный Моряк разложился на 80%.
2025-01-13 11:15:15 [main] INFO  Main - Неизвестный Моряк медленно разлагается.
2025-01-13 11:15:15 [main] INFO  Main - Неизвестный Моряк разложился на 100%.
2025-01-13 11:15:15 [main] INFO  Main - Идентификация невозможна медленно разлагается.
2025-01-13 11:15:15 [main] INFO  Main - Однажды Артур отправился на задание, чтобы спасти жителей деревни, таких как Фермер и Кузнец, от таинственной угрозы.
2025-01-13 11:15:15 [main] INFO  Main - Артур произносит вдохновляющую речь.
2025-01-13 11:15:15 [main] INFO  Main - Привет, моё имя Том. Мне 25 лет и я работаю Фермер.
2025-01-13 11:15:15 [main] INFO  Main - Привет, моё имя Люси. Мне 22 лет и я работаю Кузнец.
2025-01-13 11:15:15 [main] INFO  Main - Во время путешествия они наткнулись на обломки древнего корабля.
2025-01-13 11:15:15 [main] INFO  Main - Но надо мной или тяготел злой рок, или же люди, что плыли на разбившемся корабле, были обречены на погибель, только мне не суждено было тогда изведать это счастье. Так до последнего года моего житья на острове я и не узнал, спасся ли кто нибудь с погибшего корабля. Несколько дней спустя я сделал одно печальное открытие: нашел на берегу против того места, где разбился корабль, труп утонувшего юнги.
2025-01-13 11:15:15 [main] INFO  Main - Идентификация невозможна,так как труп разложился
2025-01-13 11:15:15 [main] INFO  Main - После бури наступил полный штиль, и мне очень хотелось попробовать добраться в лодке до корабля. Я был уверен, что найду там много такого, что может мне пригодиться. Но собственно не это прельщало меня, а надежда, что может быть, на корабле осталось какое-нибудь живое существо, которое я могу спасти от смерти и таким образом скрасить свою печальную жизнь.
2025-01-13 11:15:15 [main] INFO  Main - Эта мысль овладела всей моей душой: я чувствовал, что ни днем, ни ночью не буду знать покоя, пока не попытаюсь добраться в лодке до корабля, положившись на волю божию.
2025-01-13 11:15:15 [main] INFO  Main - Импульс, увлекавший меня, был так силен, что я не мог противиться. Я принял его за указание свыше и чувствовал бы угрызения совести, если бы не исполнил его.
2025-01-13 11:15:15 [main] INFO  Main - Вдохновленный этим божественным порывом, Артур собрал небольшую команду.
2025-01-13 11:15:15 [main] INFO  Main - Артур произносит вдохновляющую речь.
2025-01-13 11:15:15 [main] INFO  Main - Воин из Племя Саванны говорит на их родном языке.
2025-01-13 11:15:15 [main] INFO  Main - Вместе они отправились исследовать тайны кораблекрушения и вернуть надежду тем, кто остался позади.
2025-01-13 11:15:15 [main] INFO  Main - Артур движется быстро.
2025-01-13 11:15:15 [main] INFO  Main - Воин из Племя Саванны движется с ловкостью.
2025-01-13 11:15:15 [main] INFO  Main - Когда они поднялись на останки корабля, они раскрыли тайны, которые навсегда изменят их судьбу...
2025-01-13 11:15:55 [main] INFO  Main - Неизвестный Моряк разложился на 20%.
2025-01-13 11:15:55 [main] INFO  Main - Неизвестный Моряк медленно разлагается.
2025-01-13 11:15:55 [main] INFO  Main - Неизвестный Моряк разложился на 40%.
2025-01-13 11:15:55 [main] INFO  Main - Неизвестный Моряк медленно разлагается.
2025-01-13 11:15:55 [main] INFO  Main - Неизвестный Моряк разложился на 60%.
2025-01-13 11:15:55 [main] INFO  Main - Неизвестный Моряк медленно разлагается.
2025-01-13 11:15:55 [main] INFO  Main - Неизвестный Моряк разложился на 80%.
2025-01-13 11:15:55 [main] INFO  Main - Неизвестный Моряк медленно разлагается.
2025-01-13 11:15:55 [main] INFO  Main - Неизвестный Моряк разложился на 100%.
2025-01-13 11:15:55 [main] ERROR Main - Неизвестный Моряк полностью разложился и не может быть идентифицирован.
2025-01-13 11:15:55 [main] INFO  Main - Идентификация невозможна медленно разлагается.
2025-01-13 11:15:55 [main] INFO  Main - Однажды Артур отправился на задание, чтобы спасти жителей деревни, таких как Фермер и Кузнец, от таинственной угрозы.
2025-01-13 11:15:55 [main] INFO  Main - Артур произносит вдохновляющую речь.
2025-01-13 11:15:55 [main] INFO  Main - Привет, моё имя Том. Мне 25 лет и я работаю Фермер.
2025-01-13 11:15:55 [main] INFO  Main - Привет, моё имя Люси. Мне 22 лет и я работаю Кузнец.
2025-01-13 11:15:55 [main] INFO  Main - Во время путешествия они наткнулись на обломки древнего корабля.
2025-01-13 11:15:55 [main] INFO  Main - Но надо мной или тяготел злой рок, или же люди, что плыли на разбившемся корабле, были обречены на погибель, только мне не суждено было тогда изведать это счастье. Так до последнего года моего житья на острове я и не узнал, спасся ли кто нибудь с погибшего корабля. Несколько дней спустя я сделал одно печальное открытие: нашел на берегу против того места, где разбился корабль, труп утонувшего юнги.
2025-01-13 11:15:55 [main] ERROR Main - Неизвестный Моряк полностью разложился и не может быть идентифицирован.
2025-01-13 11:15:55 [main] ERROR Main - Неизвестный Моряк полностью разложился и не может быть идентифицирован.
2025-01-13 11:15:55 [main] INFO  Main - Идентификация невозможна, так как труп разложился
2025-01-13 11:15:55 [main] INFO  Main - После бури наступил полный штиль, и мне очень хотелось попробовать добраться в лодке до корабля. Я был уверен, что найду там много такого, что может мне пригодиться. Но собственно не это прельщало меня, а надежда, что может быть, на корабле осталось какое-нибудь живое существо, которое я могу спасти от смерти и таким образом скрасить свою печальную жизнь.
2025-01-13 11:15:55 [main] INFO  Main - Эта мысль овладела всей моей душой: я чувствовал, что ни днем, ни ночью не буду знать покоя, пока не попытаюсь добраться в лодке до корабля, положившись на волю божию.
2025-01-13 11:15:55 [main] INFO  Main - Импульс, увлекавший меня, был так силен, что я не мог противиться. Я принял его за указание свыше и чувствовал бы угрызения совести, если бы не исполнил его.
2025-01-13 11:15:55 [main] INFO  Main - Вдохновленный этим божественным порывом, Артур собрал небольшую команду.
2025-01-13 11:15:55 [main] INFO  Main - Артур произносит вдохновляющую речь.
2025-01-13 11:15:55 [main] INFO  Main - Воин из Племя Саванны говорит на их родном языке.
2025-01-13 11:15:55 [main] INFO  Main - Вместе они отправились исследовать тайны кораблекрушения и вернуть надежду тем, кто остался позади.
2025-01-13 11:15:55 [main] INFO  Main - Артур движется быстро.
2025-01-13 11:15:55 [main] INFO  Main - Воин из Племя Саванны движется с ловкостью.
2025-01-13 11:15:55 [main] INFO  Main - Когда они поднялись на останки корабля, они раскрыли тайны, которые навсегда изменят их судьбу...
